---
source: crates/kaeru/src/main.rs
expression: output
---
                                                                                
                                                                                
                                                                                
                                                                                
                                                                                
                                                                                
                                                                                
                                                                                
                                                                                
                                                                                
                                                                                
                                                                                
                                                                                
No messages yet. Type to chat.                                                  
                                                                                
                                                                                
                                                                                
 >                                                                              
                                                                                
kaeru – test-server  Connecting to test-server  [idle]  [mode: Ask C-y]  [model:
